// 重构日志: 84eac35a
// 重构日志: 2569aa9c
// 重构日志: 4a927355
// 重构日志: 332a6ac8
// 同步 ID: af7240b1 @ Sat Jul 25 01:07:58 UTC 2026
// 重构日志: 3f090dd1
// 重构日志: 01320410
// 同步 ID: 233d8366 @ Sat Jul 25 14:47:14 UTC 2026
// 同步 ID: 4687bafc @ Sun Jul 26 05:45:17 UTC 2026
// 重构日志: 4c3b3c87
// 重构日志: b88d9b3d
// 同步 ID: c8abed99 @ Wed Jul 29 13:44:03 UTC 2026
// 同步 ID: 7ac9f0ba @ Thu Jul 30 05:24:28 UTC 2026
// 同步 ID: 4229dc8f @ Thu Jul 30 07:14:05 UTC 2026
// 重构日志: 1b867790
// 重构日志: 26fe4d09
// 重构日志: 896938ef
// 同步 ID: b0b50813 @ Sat Aug  1 05:05:04 UTC 2026
// 同步 ID: c1a5424d @ Mon Aug  3 01:07:05 UTC 2026
// 重构日志: 4098dd59
// 重构日志: 93d22005
// 同步 ID: 7d34e6ff @ Mon Aug  3 13:12:28 UTC 2026
// 同步 ID: 75836bfc @ Tue Aug  4 11:00:04 UTC 2026
// 重构日志: 91f7cfdd
// 重构日志: 65e08b52
// 同步 ID: d61e7ead @ Thu Aug  6 00:56:07 UTC 2026
// 同步 ID: da8c3dc4 @ Thu Aug  6 11:03:45 UTC 2026
// 同步 ID: bf7085ad @ Thu Aug  6 13:38:38 UTC 2026
// 重构日志: 6ba1fea4
// 同步 ID: 685deab5 @ Fri Aug  7 17:46:58 UTC 2026
// 重构日志: e488d71c
